---
source: fortitude/src/rules/style/mod.rs
expression: diagnostics
snapshot_kind: text
---
./resources/test/fixtures/style/S061.f90:5:3: S061 end statement should read 'end type mytype'
  |
3 |   type mytype
4 |     integer :: x
5 |   end type                      ! catch this
  |   ^^^^^^^^^^^^^^^^^^^^^^^^^^^^^^ S061
6 | contains
7 |   subroutine mysub1()
  |

./resources/test/fixtures/style/S061.f90:9:3: S061 end statement should read 'end subroutine mysub1'
   |
 7 |   subroutine mysub1()
 8 |     write (*,*) 'hello world'
 9 |   end subroutine                ! catch this
   |   ^^^^^^^^^^^^^^^^^^^^^^^^^^^^^^ S061
10 |   subroutine mysub2()
11 |     write (*,*) 'hello world'
   |

./resources/test/fixtures/style/S061.f90:13:1: S061 end statement should read 'end module mymod1'
   |
11 |     write (*,*) 'hello world'
12 |   end subroutine mysub2         ! ignore this
13 | end                             ! catch this
   | ^^^^^^^^^^^^^^^^^^^^^^^^^^^^^^^^ S061
14 | module mymod2
15 |   implicit none
   |

./resources/test/fixtures/style/S061.f90:22:3: S061 end statement should read 'end function myfunc1'
   |
20 |   integer function myfunc1()
21 |     myfunc1 = 1
22 |   end function                  ! catch this
   |   ^^^^^^^^^^^^^^^^^^^^^^^^^^^^^^ S061
23 |   integer function myfunc2()
24 |     myfunc2 = 1
   |

./resources/test/fixtures/style/S061.f90:26:1: S061 end statement should read 'end module mymod2'
   |
24 |     myfunc2 = 1
25 |   end function myfunc2          ! ignore this
26 | end module                      ! catch this
   | ^^^^^^^^^^^^^^^^^^^^^^^^^^^^^^^^ S061
27 | module mymod3
28 |   interface
   |

./resources/test/fixtures/style/S061.f90:44:3: S061 end statement should read 'end procedure foo'
   |
42 |   module procedure foo
43 |     x = 1
44 |   end procedure                 ! catch this
   |   ^^^^^^^^^^^^^^^^^^^^^^^^^^^^^^ S061
45 | end                             ! catch this
46 | submodule (mymod3) mysub2
   |

./resources/test/fixtures/style/S061.f90:45:1: S061 end statement should read 'end submodule mysub1'
   |
43 |     x = 1
44 |   end procedure                 ! catch this
45 | end                             ! catch this
   | ^^^^^^^^^^^^^^^^^^^^^^^^^^^^^^^^ S061
46 | submodule (mymod3) mysub2
47 | contains
   |

./resources/test/fixtures/style/S061.f90:51:1: S061 end statement should read 'end submodule mysub2'
   |
49 |     x = 1
50 |   end procedure bar             ! ignore this
51 | end submodule                   ! catch this
   | ^^^^^^^^^^^^^^^^^^^^^^^^^^^^^^^^ S061
52 | submodule (mymod3) mysub3
53 | contains
   |

./resources/test/fixtures/style/S061.f90:61:1: S061 end statement should read 'end program myprog'
   |
59 |   implicit none
60 |   write (*,*) 'hello world'
61 | end                             ! catch this
   | ^^^^^^^^^^^^^^^^^^^^^^^^^^^^^^^^ S061
   |
