---
source: fortitude/src/rules/precision/mod.rs
expression: diagnostics
snapshot_kind: text
---
./resources/test/fixtures/precision/P001.f90:4:31: P001 real literal 1.234567 missing kind suffix
  |
2 |   use, intrinsic :: iso_fortran_env, only: sp => real32, dp => real64
3 |
4 |   real(sp), parameter :: x1 = 1.234567
  |                               ^^^^^^^^ P001
5 |   real(dp), parameter :: x2 = 1.234567_dp
6 |   real(dp), parameter :: x3 = 1.789d3 ! rule should ignore d exponentiation
  |

./resources/test/fixtures/precision/P001.f90:7:31: P001 real literal 9.876 missing kind suffix
  |
5 |   real(dp), parameter :: x2 = 1.234567_dp
6 |   real(dp), parameter :: x3 = 1.789d3 ! rule should ignore d exponentiation
7 |   real(dp), parameter :: x4 = 9.876
  |                               ^^^^^ P001
8 |   real(sp), parameter :: x5 = 2.468_sp
9 |   real(sp), parameter :: x6 = 2.
  |

./resources/test/fixtures/precision/P001.f90:9:31: P001 real literal 2. missing kind suffix
   |
 7 |   real(dp), parameter :: x4 = 9.876
 8 |   real(sp), parameter :: x5 = 2.468_sp
 9 |   real(sp), parameter :: x6 = 2.
   |                               ^^ P001
10 |   real(sp), parameter :: x7 = .0
11 |   real(sp), parameter :: x8 = 1E2
   |

./resources/test/fixtures/precision/P001.f90:10:31: P001 real literal .0 missing kind suffix
   |
 8 |   real(sp), parameter :: x5 = 2.468_sp
 9 |   real(sp), parameter :: x6 = 2.
10 |   real(sp), parameter :: x7 = .0
   |                               ^^ P001
11 |   real(sp), parameter :: x8 = 1E2
12 |   real(sp), parameter :: x9 = .1e2
   |

./resources/test/fixtures/precision/P001.f90:11:31: P001 real literal 1E2 missing kind suffix
   |
 9 |   real(sp), parameter :: x6 = 2.
10 |   real(sp), parameter :: x7 = .0
11 |   real(sp), parameter :: x8 = 1E2
   |                               ^^^ P001
12 |   real(sp), parameter :: x9 = .1e2
13 |   real(sp), parameter :: y1 = 1.E2
   |

./resources/test/fixtures/precision/P001.f90:12:31: P001 real literal .1e2 missing kind suffix
   |
10 |   real(sp), parameter :: x7 = .0
11 |   real(sp), parameter :: x8 = 1E2
12 |   real(sp), parameter :: x9 = .1e2
   |                               ^^^^ P001
13 |   real(sp), parameter :: y1 = 1.E2
14 |   real(sp), parameter :: y2 = 1.2e3
   |

./resources/test/fixtures/precision/P001.f90:13:31: P001 real literal 1.E2 missing kind suffix
   |
11 |   real(sp), parameter :: x8 = 1E2
12 |   real(sp), parameter :: x9 = .1e2
13 |   real(sp), parameter :: y1 = 1.E2
   |                               ^^^^ P001
14 |   real(sp), parameter :: y2 = 1.2e3
15 | end program test
   |

./resources/test/fixtures/precision/P001.f90:14:31: P001 real literal 1.2e3 missing kind suffix
   |
12 |   real(sp), parameter :: x9 = .1e2
13 |   real(sp), parameter :: y1 = 1.E2
14 |   real(sp), parameter :: y2 = 1.2e3
   |                               ^^^^^ P001
15 | end program test
   |
